"c:/WORKS/harfang/hg2/assemble-demo-assets/orca-bistro/work/RENAULT_16-TX_Panalina/RENAULT_16-TX_Panalina-C4D.obj":"_prod/2a49db15-02d4-6848-a33e-642a18a02cb5"
"c:/WORKS/harfang/hg2/assemble-demo-assets/orca-bistro/work/RENAULT_16-TX_Panalina/tmp/RENAULT_16-TX_Panalina-C4D - Copy (2).obj":"_prod/bcccd957-38d6-244d-8b3e-5a2e325b9359"
"c:/WORKS/harfang/hg2/assemble-demo-assets/orca-bistro/work/RENAULT_16-TX_Panalina/tmp/RENAULT_16-TX_Panalina-C4D.obj":"_prod/675b7910-f6a0-f54e-b5bd-b30a31ed245f"
